Archive member included to satisfy reference by file (symbol)

C:/ST/STM32CubeIDE_1.13.2/STM32CubeIDE/plugins/com.st.stm32cube.ide.mcu.externaltools.gnu-tools-for-stm32.11.3.rel1.win32_1.1.1.202309131626/tools/bin/../lib/gcc/arm-none-eabi/11.3.1/../../../../arm-none-eabi/lib/thumb/v7e-m+fp/hard\libc_nano.a(libc_a-exit.o)
                              C:/ST/STM32CubeIDE_1.13.2/STM32CubeIDE/plugins/com.st.stm32cube.ide.mcu.externaltools.gnu-tools-for-stm32.11.3.rel1.win32_1.1.1.202309131626/tools/bin/../lib/gcc/arm-none-eabi/11.3.1/../../../../arm-none-eabi/lib/thumb/v7e-m+fp/hard/crt0.o (exit)
C:/ST/STM32CubeIDE_1.13.2/STM32CubeIDE/plugins/com.st.stm32cube.ide.mcu.externaltools.gnu-tools-for-stm32.11.3.rel1.win32_1.1.1.202309131626/tools/bin/../lib/gcc/arm-none-eabi/11.3.1/../../../../arm-none-eabi/lib/thumb/v7e-m+fp/hard\libc_nano.a(libc_a-findfp.o)
                              C:/ST/STM32CubeIDE_1.13.2/STM32CubeIDE/plugins/com.st.stm32cube.ide.mcu.externaltools.gnu-tools-for-stm32.11.3.rel1.win32_1.1.1.202309131626/tools/bin/../lib/gcc/arm-none-eabi/11.3.1/../../../../arm-none-eabi/lib/thumb/v7e-m+fp/hard\libc_nano.a(libc_a-exit.o) (__stdio_exit_handler)
C:/ST/STM32CubeIDE_1.13.2/STM32CubeIDE/plugins/com.st.stm32cube.ide.mcu.externaltools.gnu-tools-for-stm32.11.3.rel1.win32_1.1.1.202309131626/tools/bin/../lib/gcc/arm-none-eabi/11.3.1/../../../../arm-none-eabi/lib/thumb/v7e-m+fp/hard\libc_nano.a(libc_a-fwalk.o)
                              C:/ST/STM32CubeIDE_1.13.2/STM32CubeIDE/plugins/com.st.stm32cube.ide.mcu.externaltools.gnu-tools-for-stm32.11.3.rel1.win32_1.1.1.202309131626/tools/bin/../lib/gcc/arm-none-eabi/11.3.1/../../../../arm-none-eabi/lib/thumb/v7e-m+fp/hard\libc_nano.a(libc_a-findfp.o) (_fwalk_sglue)
C:/ST/STM32CubeIDE_1.13.2/STM32CubeIDE/plugins/com.st.stm32cube.ide.mcu.externaltools.gnu-tools-for-stm32.11.3.rel1.win32_1.1.1.202309131626/tools/bin/../lib/gcc/arm-none-eabi/11.3.1/../../../../arm-none-eabi/lib/thumb/v7e-m+fp/hard\libc_nano.a(libc_a-stdio.o)
                              C:/ST/STM32CubeIDE_1.13.2/STM32CubeIDE/plugins/com.st.stm32cube.ide.mcu.externaltools.gnu-tools-for-stm32.11.3.rel1.win32_1.1.1.202309131626/tools/bin/../lib/gcc/arm-none-eabi/11.3.1/../../../../arm-none-eabi/lib/thumb/v7e-m+fp/hard\libc_nano.a(libc_a-findfp.o) (__sread)
C:/ST/STM32CubeIDE_1.13.2/STM32CubeIDE/plugins/com.st.stm32cube.ide.mcu.externaltools.gnu-tools-for-stm32.11.3.rel1.win32_1.1.1.202309131626/tools/bin/../lib/gcc/arm-none-eabi/11.3.1/../../../../arm-none-eabi/lib/thumb/v7e-m+fp/hard\libc_nano.a(libc_a-memset.o)
                              C:/ST/STM32CubeIDE_1.13.2/STM32CubeIDE/plugins/com.st.stm32cube.ide.mcu.externaltools.gnu-tools-for-stm32.11.3.rel1.win32_1.1.1.202309131626/tools/bin/../lib/gcc/arm-none-eabi/11.3.1/../../../../arm-none-eabi/lib/thumb/v7e-m+fp/hard/crt0.o (memset)
C:/ST/STM32CubeIDE_1.13.2/STM32CubeIDE/plugins/com.st.stm32cube.ide.mcu.externaltools.gnu-tools-for-stm32.11.3.rel1.win32_1.1.1.202309131626/tools/bin/../lib/gcc/arm-none-eabi/11.3.1/../../../../arm-none-eabi/lib/thumb/v7e-m+fp/hard\libc_nano.a(libc_a-closer.o)
                              C:/ST/STM32CubeIDE_1.13.2/STM32CubeIDE/plugins/com.st.stm32cube.ide.mcu.externaltools.gnu-tools-for-stm32.11.3.rel1.win32_1.1.1.202309131626/tools/bin/../lib/gcc/arm-none-eabi/11.3.1/../../../../arm-none-eabi/lib/thumb/v7e-m+fp/hard\libc_nano.a(libc_a-stdio.o) (_close_r)
C:/ST/STM32CubeIDE_1.13.2/STM32CubeIDE/plugins/com.st.stm32cube.ide.mcu.externaltools.gnu-tools-for-stm32.11.3.rel1.win32_1.1.1.202309131626/tools/bin/../lib/gcc/arm-none-eabi/11.3.1/../../../../arm-none-eabi/lib/thumb/v7e-m+fp/hard\libc_nano.a(libc_a-reent.o)
                              C:/ST/STM32CubeIDE_1.13.2/STM32CubeIDE/plugins/com.st.stm32cube.ide.mcu.externaltools.gnu-tools-for-stm32.11.3.rel1.win32_1.1.1.202309131626/tools/bin/../lib/gcc/arm-none-eabi/11.3.1/../../../../arm-none-eabi/lib/thumb/v7e-m+fp/hard\libc_nano.a(libc_a-closer.o) (errno)
C:/ST/STM32CubeIDE_1.13.2/STM32CubeIDE/plugins/com.st.stm32cube.ide.mcu.externaltools.gnu-tools-for-stm32.11.3.rel1.win32_1.1.1.202309131626/tools/bin/../lib/gcc/arm-none-eabi/11.3.1/../../../../arm-none-eabi/lib/thumb/v7e-m+fp/hard\libc_nano.a(libc_a-impure.o)
                              C:/ST/STM32CubeIDE_1.13.2/STM32CubeIDE/plugins/com.st.stm32cube.ide.mcu.externaltools.gnu-tools-for-stm32.11.3.rel1.win32_1.1.1.202309131626/tools/bin/../lib/gcc/arm-none-eabi/11.3.1/../../../../arm-none-eabi/lib/thumb/v7e-m+fp/hard\libc_nano.a(libc_a-reent.o) (_impure_ptr)
C:/ST/STM32CubeIDE_1.13.2/STM32CubeIDE/plugins/com.st.stm32cube.ide.mcu.externaltools.gnu-tools-for-stm32.11.3.rel1.win32_1.1.1.202309131626/tools/bin/../lib/gcc/arm-none-eabi/11.3.1/../../../../arm-none-eabi/lib/thumb/v7e-m+fp/hard\libc_nano.a(libc_a-lseekr.o)
[...]
Memory Configuration

Name             Origin             Length             Attributes
RAM              0x0000000020000000 0x0000000000018000 xrw
FLASH            0x0000000008000000 0x0000000000080000 xr
*default*        0x0000000000000000 0xffffffffffffffff

Linker script and memory map

LOAD C:/ST/STM32CubeIDE_1.13.2/STM32CubeIDE/plugins/com.st.stm32cube.ide.mcu.externaltools.gnu-tools-for-stm32.11.3.rel1.win32_1.1.1.202309131626/tools/bin/../lib/gcc/arm-none-eabi/11.3.1/thumb/v7e-m+fp/hard/crti.o
LOAD C:/ST/STM32CubeIDE_1.13.2/STM32CubeIDE/plugins/com.st.stm32cube.ide.mcu.externaltools.gnu-tools-for-stm32.11.3.rel1.win32_1.1.1.202309131626/tools/bin/../lib/gcc/arm-none-eabi/11.3.1/thumb/v7e-m+fp/hard/crtbegin.o
LOAD C:/ST/STM32CubeIDE_1.13.2/STM32CubeIDE/plugins/com.st.stm32cube.ide.mcu.externaltools.gnu-tools-for-stm32.11.3.rel1.win32_1.1.1.202309131626/tools/bin/../lib/gcc/arm-none-eabi/11.3.1/../../../../arm-none-eabi/lib/thumb/v7e-m+fp/hard/crt0.o
LOAD ./Core/Src/HCSR04.o
LOAD ./Core/Src/L298N.o
LOAD ./Core/Src/PID.o
LOAD ./Core/Src/SG90.o
LOAD ./Core/Src/TCS34725.o
LOAD ./Core/Src/main.o
LOAD ./Core/Src/stm32f4xx_hal_msp.o
LOAD ./Core/Src/stm32f4xx_it.o
LOAD ./Core/Src/syscalls.o
LOAD ./Core/Src/sysmem.o
LOAD ./Core/Src/system_stm32f4xx.o
LOAD ./Core/Startup/startup_stm32f401retx.o
LOAD ./Drivers/STM32F4xx_HAL_Driver/Src/stm32f4xx_hal.o
LOAD ./Drivers/STM32F4xx_HAL_Driver/Src/stm32f4xx_hal_cortex.o
LOAD ./Drivers/STM32F4xx_HAL_Driver/Src/stm32f4xx_hal_dma.o
LOAD ./Drivers/STM32F4xx_HAL_Driver/Src/stm32f4xx_hal_dma_ex.o
LOAD ./Drivers/STM32F4xx_HAL_Driver/Src/stm32f4xx_hal_exti.o
LOAD ./Drivers/STM32F4xx_HAL_Driver/Src/stm32f4xx_hal_flash.o
LOAD ./Drivers/STM32F4xx_HAL_Driver/Src/stm32f4xx_hal_flash_ex.o
LOAD ./Drivers/STM32F4xx_HAL_Driver/Src/stm32f4xx_hal_flash_ramfunc.o
LOAD ./Drivers/STM32F4xx_HAL_Driver/Src/stm32f4xx_hal_gpio.o
LOAD ./Drivers/STM32F4xx_HAL_Driver/Src/stm32f4xx_hal_i2c.o
LOAD ./Drivers/STM32F4xx_HAL_Driver/Src/stm32f4xx_hal_i2c_ex.o
LOAD ./Drivers/STM32F4xx_HAL_Driver/Src/stm32f4xx_hal_pwr.o
LOAD ./Drivers/STM32F4xx_HAL_Driver/Src/stm32f4xx_hal_pwr_ex.o
LOAD ./Drivers/STM32F4xx_HAL_Driver/Src/stm32f4xx_hal_rcc.o
LOAD ./Drivers/STM32F4xx_HAL_Driver/Src/stm32f4xx_hal_rcc_ex.o
LOAD ./Drivers/STM32F4xx_HAL_Driver/Src/stm32f4xx_hal_tim.o
LOAD ./Drivers/STM32F4xx_HAL_Driver/Src/stm32f4xx_hal_tim_ex.o
LOAD ./Drivers/STM32F4xx_HAL_Driver/Src/stm32f4xx_hal_uart.o
START GROUP
LOAD C:/ST/STM32CubeIDE_1.13.2/STM32CubeIDE/plugins/com.st.stm32cube.ide.mcu.externaltools.gnu-tools-for-stm32.11.3.rel1.win32_1.1.1.202309131626/tools/bin/../lib/gcc/arm-none-eabi/11.3.1/../../../../arm-none-eabi/lib/thumb/v7e-m+fp/hard\libc_nano.a
LOAD C:/ST/STM32CubeIDE_1.13.2/STM32CubeIDE/plugins/com.st.stm32cube.ide.mcu.externaltools.gnu-tools-for-stm32.11.3.rel1.win32_1.1.1.202309131626/tools/bin/../lib/gcc/arm-none-eabi/11.3.1/../../../../arm-none-eabi/lib/thumb/v7e-m+fp/hard\libm.a
END GROUP
START GROUP
LOAD C:/ST/STM32CubeIDE_1.13.2/STM32CubeIDE/plugins/com.st.stm32cube.ide.mcu.externaltools.gnu-tools-for-stm32.11.3.rel1.win32_1.1.1.202309131626/tools/bin/../lib/gcc/arm-none-eabi/11.3.1/thumb/v7e-m+fp/hard\libgcc.a
LOAD C:/ST/STM32CubeIDE_1.13.2/STM32CubeIDE/plugins/com.st.stm32cube.ide.mcu.externaltools.gnu-tools-for-stm32.11.3.rel1.win32_1.1.1.202309131626/tools/bin/../lib/gcc/arm-none-eabi/11.3.1/../../../../arm-none-eabi/lib/thumb/v7e-m+fp/hard\libc_nano.a
END GROUP
START GROUP
LOAD C:/ST/STM32CubeIDE_1.13.2/STM32CubeIDE/plugins/com.st.stm32cube.ide.mcu.externaltools.gnu-tools-for-stm32.11.3.rel1.win32_1.1.1.202309131626/tools/bin/../lib/gcc/arm-none-eabi/11.3.1/thumb/v7e-m+fp/hard\libgcc.a
LOAD C:/ST/STM32CubeIDE_1.13.2/STM32CubeIDE/plugins/com.st.stm32cube.ide.mcu.externaltools.gnu-tools-for-stm32.11.3.rel1.win32_1.1.1.202309131626/tools/bin/../lib/gcc/arm-none-eabi/11.3.1/../../../../arm-none-eabi/lib/thumb/v7e-m+fp/hard\libc_nano.a
LOAD C:/ST/STM32CubeIDE_1.13.2/STM32CubeIDE/plugins/com.st.stm32cube.ide.mcu.externaltools.gnu-tools-for-stm32.11.3.rel1.win32_1.1.1.202309131626/tools/bin/../lib/gcc/arm-none-eabi/11.3.1/../../../../arm-none-eabi/lib/thumb/v7e-m+fp/hard\libnosys.a
END GROUP
START GROUP
LOAD C:/ST/STM32CubeIDE_1.13.2/STM32CubeIDE/plugins/com.st.stm32cube.ide.mcu.externaltools.gnu-tools-for-stm32.11.3.rel1.win32_1.1.1.202309131626/tools/bin/../lib/gcc/arm-none-eabi/11.3.1/thumb/v7e-m+fp/hard\libgcc.a
LOAD C:/ST/STM32CubeIDE_1.13.2/STM32CubeIDE/plugins/com.st.stm32cube.ide.mcu.externaltools.gnu-tools-for-stm32.11.3.rel1.win32_1.1.1.202309131626/tools/bin/../lib/gcc/arm-none-eabi/11.3.1/../../../../arm-none-eabi/lib/thumb/v7e-m+fp/hard\libc_nano.a
LOAD C:/ST/STM32CubeIDE_1.13.2/STM32CubeIDE/plugins/com.st.stm32cube.ide.mcu.externaltools.gnu-tools-for-stm32.11.3.rel1.win32_1.1.1.202309131626/tools/bin/../lib/gcc/arm-none-eabi/11.3.1/../../../../arm-none-eabi/lib/thumb/v7e-m+fp/hard\libnosys.a
END GROUP
LOAD C:/ST/STM32CubeIDE_1.13.2/STM32CubeIDE/plugins/com.st.stm32cube.ide.mcu.externaltools.gnu-tools-for-stm32.11.3.rel1.win32_1.1.1.202309131626/tools/bin/../lib/gcc/arm-none-eabi/11.3.1/thumb/v7e-m+fp/hard/crtend.o
LOAD C:/ST/STM32CubeIDE_1.13.2/STM32CubeIDE/plugins/com.st.stm32cube.ide.mcu.externaltools.gnu-tools-for-stm32.11.3.rel1.win32_1.1.1.202309131626/tools/bin/../lib/gcc/arm-none-eabi/11.3.1/thumb/v7e-m+fp/hard/crtn.o
                0x0000000020018000                _estack = (ORIGIN (RAM) + LENGTH (RAM))
                0x0000000000000200                _Min_Heap_Size = 0x200
                0x0000000000000400                _Min_Stack_Size = 0x400

.isr_vector     0x0000000008000000      0x194
                0x0000000008000000                . = ALIGN (0x4)
 *(.isr_vector)
 .isr_vector    0x0000000008000000      0x194 ./Core/Startup/startup_stm32f401retx.o
                0x0000000008000000                g_pfnVectors
                0x0000000008000194                . = ALIGN (0x4)

.text           0x0000000008000198     0x5a64
                0x0000000008000198                . = ALIGN (0x4)
 *(.text)
 .text          0x0000000008000198       0x40 C:/ST/STM32CubeIDE_1.13.2/STM32CubeIDE/plugins/com.st.stm32cube.ide.mcu.externaltools.gnu-tools-for-stm32.11.3.rel1.win32_1.1.1.202309131626/tools/bin/../lib/gcc/arm-none-eabi/11.3.1/thumb/v7e-m+fp/hard/crtbegin.o
 .text          0x00000000080001d8      0x378 C:/ST/STM32CubeIDE_1.13.2/STM32CubeIDE/plugins/com.st.stm32cube.ide.mcu.externaltools.gnu-tools-for-stm32.11.3.rel1.win32_1.1.1.202309131626/tools/bin/../lib/gcc/arm-none-eabi/11.3.1/thumb/v7e-m+fp/hard\libgcc.a(_arm_addsubdf3.o)
                0x00000000080001d8                __aeabi_drsub
                0x00000000080001e0                __aeabi_dsub
                0x00000000080001e0                __subdf3
                0x00000000080001e4                __aeabi_dadd
                0x00000000080001e4                __adddf3
                0x000000000800045c                __floatunsidf
                0x000000000800045c                __aeabi_ui2d
                0x000000000800047c                __floatsidf
                0x000000000800047c                __aeabi_i2d
                0x00000000080004a0                __aeabi_f2d
                0x00000000080004a0                __extendsfdf2
                0x00000000080004e4                __floatundidf
                0x00000000080004e4                __aeabi_ul2d
                0x00000000080004f4                __floatdidf
                0x00000000080004f4                __aeabi_l2d
 .text          0x0000000008000550      0x424 C:/ST/STM32CubeIDE_1.13.2/STM32CubeIDE/plugins/com.st.stm32cube.ide.mcu.externaltools.gnu-tools-for-stm32.11.3.rel1.win32_1.1.1.202309131626/tools/bin/../lib/gcc/arm-none-eabi/11.3.1/thumb/v7e-m+fp/hard\libgcc.a(_arm_muldivdf3.o)
                0x0000000008000550                __aeabi_dmul
                0x0000000008000550                __muldf3
                0x00000000080007a4                __divdf3
                0x00000000080007a4                __aeabi_ddiv
 .text          0x0000000008000974      0x110 C:/ST/STM32CubeIDE_1.13.2/STM32CubeIDE/plugins/com.st.stm32cube.ide.mcu.externaltools.gnu-tools-for-stm32.11.3.rel1.win32_1.1.1.202309131626/tools/bin/../lib/gcc/arm-none-eabi/11.3.1/thumb/v7e-m+fp/hard\libgcc.a(_arm_cmpdf2.o)
                0x0000000008000974                __gtdf2
                0x0000000008000974                __gedf2
                0x000000000800097c                __ltdf2
                0x000000000800097c                __ledf2
                0x0000000008000984                __nedf2
                0x0000000008000984                __eqdf2
                0x0000000008000984                __cmpdf2
                0x0000000008000a00                __aeabi_cdrcmple
                0x0000000008000a10                __aeabi_cdcmpeq
                0x0000000008000a10                __aeabi_cdcmple
                0x0000000008000a20                __aeabi_dcmpeq
                0x0000000008000a34                __aeabi_dcmplt
                0x0000000008000a48                __aeabi_dcmple
                0x0000000008000a5c                __aeabi_dcmpge
                0x0000000008000a70                __aeabi_dcmpgt
 .text          0x0000000008000a84       0x40 C:/ST/STM32CubeIDE_1.13.2/STM32CubeIDE/plugins/com.st.stm32cube.ide.mcu.externaltools.gnu-tools-for-stm32.11.3.rel1.win32_1.1.1.202309131626/tools/bin/../lib/gcc/arm-none-eabi/11.3.1/thumb/v7e-m+fp/hard\libgcc.a(_arm_fixunsdfsi.o)
                0x0000000008000a84                __aeabi_d2uiz
                0x0000000008000a84                __fixunsdfsi
 .text          0x0000000008000ac4       0xa0 C:/ST/STM32CubeIDE_1.13.2/STM32CubeIDE/plugins/com.st.stm32cube.ide.mcu.externaltools.gnu-tools-for-stm32.11.3.rel1.win32_1.1.1.202309131626/tools/bin/../lib/gcc/arm-none-eabi/11.3.1/thumb/v7e-m+fp/hard\libgcc.a(_arm_truncdfsf2.o)
                0x0000000008000ac4                __truncdfsf2
                0x0000000008000ac4                __aeabi_d2f
 .text          0x0000000008000b64       0x30 C:/ST/STM32CubeIDE_1.13.2/STM32CubeIDE/plugins/com.st.stm32cube.ide.mcu.externaltools.gnu-tools-for-stm32.11.3.rel1.win32_1.1.1.202309131626/tools/bin/../lib/gcc/arm-none-eabi/11.3.1/thumb/v7e-m+fp/hard\libgcc.a(_aeabi_uldivmod.o)
                0x0000000008000b64                __aeabi_uldivmod
 .text          0x0000000008000b94      0x2c8 C:/ST/STM32CubeIDE_1.13.2/STM32CubeIDE/plugins/com.st.stm32cube.ide.mcu.externaltools.gnu-tools-for-stm32.11.3.rel1.win32_1.1.1.202309131626/tools/bin/../lib/gcc/arm-none-eabi/11.3.1/thumb/v7e-m+fp/hard\libgcc.a(_udivmoddi4.o)
                0x0000000008000b94                __udivmoddi4
 .text          0x0000000008000e5c        0x4 C:/ST/STM32CubeIDE_1.13.2/STM32CubeIDE/plugins/com.st.stm32cube.ide.mcu.externaltools.gnu-tools-for-stm32.11.3.rel1.win32_1.1.1.202309131626/tools/bin/../lib/gcc/arm-none-eabi/11.3.1/thumb/v7e-m+fp/hard\libgcc.a(_dvmd_tls.o)
                0x0000000008000e5c                __aeabi_idiv0
                0x0000000008000e5c                __aeabi_ldiv0
 *(.text*)
 .text.hcsr04_init
                0x0000000008000e60       0x2c ./Core/Src/HCSR04.o
                0x0000000008000e60                hcsr04_init
 .text.l298n_init
                0x0000000008000e8c       0x2a ./Core/Src/L298N.o
                0x0000000008000e8c                l298n_init
 .text.l298n_brake
                0x0000000008000eb6       0x28 ./Core/Src/L298N.o
                0x0000000008000eb6                l298n_brake
 *fill*         0x0000000008000ede        0x2 
 .text.l298n_drive_forward
                0x0000000008000ee0       0xac ./Core/Src/L298N.o
                0x0000000008000ee0                l298n_drive_forward
 .text.l298n_drive_reverse
                0x0000000008000f8c       0xac ./Core/Src/L298N.o
                0x0000000008000f8c                l298n_drive_reverse
 .text.l298n_rotate_clockwise
                0x0000000008001038       0xac ./Core/Src/L298N.o
                0x0000000008001038                l298n_rotate_clockwise
 .text.l298n_rotate_counter
                0x00000000080010e4       0xac ./Core/Src/L298N.o
                0x00000000080010e4                l298n_rotate_counter
 .text.set_motor_gpios
                0x0000000008001190       0x64 ./Core/Src/L298N.o
                0x0000000008001190                set_motor_gpios
 .text.sg90_init
                0x00000000080011f4       0x28 ./Core/Src/SG90.o
                0x00000000080011f4                sg90_init
 .text.sg90_close
                0x000000000800121c       0x3e ./Core/Src/SG90.o
                0x000000000800121c                sg90_close
 .text.sg90_open
                0x000000000800125a       0x3c ./Core/Src/SG90.o
                0x000000000800125a                sg90_open
 .text.tcs34725_get_data
                0x0000000008001296      0x132 ./Core/Src/TCS34725.o
                0x0000000008001296                tcs34725_get_data
 .text.tcs34725_get_device_id
                0x00000000080013c8       0x52 ./Core/Src/TCS34725.o
                0x00000000080013c8                tcs34725_get_device_id
 .text.tcs34725_set_enable_reg
                0x000000000800141a       0x70 ./Core/Src/TCS34725.o
                0x000000000800141a                tcs34725_set_enable_reg
 .text.tcs34725_set_timing_reg
                0x000000000800148a       0x54 ./Core/Src/TCS34725.o
                0x000000000800148a                tcs34725_set_timing_reg
 *fill*         0x00000000080014de        0x2 
 .text.getError
                0x00000000080014e0       0x98 ./Core/Src/main.o
                0x00000000080014e0                getError
 .text.PID_Controller
                0x0000000008001578      0x150 ./Core/Src/main.o
                0x0000000008001578                PID_Controller
 .text.main     0x00000000080016c8      0x264 ./Core/Src/main.o
                0x00000000080016c8                main
 .text.SystemClock_Config
                0x000000000800192c       0xd8 ./Core/Src/main.o
                0x000000000800192c                SystemClock_Config
 .text.MX_I2C1_Init
                0x0000000008001a04       0x5c ./Core/Src/main.o
 .text.MX_I2C3_Init
                0x0000000008001a60       0x5c ./Core/Src/main.o
 .text.MX_TIM1_Init
                0x0000000008001abc       0xec ./Core/Src/main.o
 .text.MX_TIM2_Init
                0x0000000008001ba8       0xc8 ./Core/Src/main.o
 .text.MX_TIM3_Init
                0x0000000008001c70       0xb4 ./Core/Src/main.o
 .text.MX_TIM4_Init
                0x0000000008001d24       0x9c ./Core/Src/main.o
 .text.MX_USART2_UART_Init
                0x0000000008001dc0       0x54 ./Core/Src/main.o
 .text.MX_GPIO_Init
                0x0000000008001e14      0x168 ./Core/Src/main.o
 .text.Error_Handler
                0x0000000008001f7c        0xa ./Core/Src/main.o
                0x0000000008001f7c                Error_Handler
 *fill*         0x0000000008001f86        0x2 
 .text.HAL_MspInit
                0x0000000008001f88       0x50 ./Core/Src/stm32f4xx_hal_msp.o
                0x0000000008001f88                HAL_MspInit
 .text.HAL_I2C_MspInit
                0x0000000008001fd8      0x140 ./Core/Src/stm32f4xx_hal_msp.o
                0x0000000008001fd8                HAL_I2C_MspInit
 .text.HAL_TIM_Base_MspInit
                0x0000000008002118       0xbc ./Core/Src/stm32f4xx_hal_msp.o
                0x0000000008002118                HAL_TIM_Base_MspInit
 .text.HAL_TIM_PWM_MspInit
                0x00000000080021d4       0x6c ./Core/Src/stm32f4xx_hal_msp.o
                0x00000000080021d4                HAL_TIM_PWM_MspInit
 .text.HAL_TIM_MspPostInit
                0x0000000008002240      0x100 ./Core/Src/stm32f4xx_hal_msp.o
                0x0000000008002240                HAL_TIM_MspPostInit
 .text.HAL_UART_MspInit
                0x0000000008002340       0x90 ./Core/Src/stm32f4xx_hal_msp.o
                0x0000000008002340                HAL_UART_MspInit
 .text.NMI_Handler
                0x00000000080023d0        0x6 ./Core/Src/stm32f4xx_it.o
                0x00000000080023d0                NMI_Handler
 .text.HardFault_Handler
                0x00000000080023d6        0x6 ./Core/Src/stm32f4xx_it.o
                0x00000000080023d6                HardFault_Handler
 .text.MemManage_Handler
                0x00000000080023dc        0x6 ./Core/Src/stm32f4xx_it.o
                0x00000000080023dc                MemManage_Handler
 .text.BusFault_Handler
                0x00000000080023e2        0x6 ./Core/Src/stm32f4xx_it.o
                0x00000000080023e2                BusFault_Handler
 .text.UsageFault_Handler
                0x00000000080023e8        0x6 ./Core/Src/stm32f4xx_it.o
                0x00000000080023e8                UsageFault_Handler
 .text.SVC_Handler
                0x00000000080023ee        0xe ./Core/Src/stm32f4xx_it.o
                0x00000000080023ee                SVC_Handler
 .text.DebugMon_Handler
                0x00000000080023fc        0xe ./Core/Src/stm32f4xx_it.o
                0x00000000080023fc                DebugMon_Handler
 .text.PendSV_Handler
                0x000000000800240a        0xe ./Core/Src/stm32f4xx_it.o
                0x000000000800240a                PendSV_Handler
 .text.SysTick_Handler
                0x0000000008002418        0xc ./Core/Src/stm32f4xx_it.o
                0x0000000008002418                SysTick_Handler
 .text.SystemInit
                0x0000000008002424       0x24 ./Core/Src/system_stm32f4xx.o
                0x0000000008002424                SystemInit
 .text.Reset_Handler
                0x0000000008002448       0x50 ./Core/Startup/startup_stm32f401retx.o
                0x0000000008002448                Reset_Handler
 .text.Default_Handler
                0x0000000008002498        0x2 ./Core/Startup/startup_stm32f401retx.o
                0x0000000008002498                RTC_Alarm_IRQHandler
                0x0000000008002498                EXTI2_IRQHandler
                0x0000000008002498                SPI4_IRQHandler
                0x0000000008002498                TIM1_CC_IRQHandler
                0x0000000008002498                DMA2_Stream5_IRQHandler
                0x0000000008002498                DMA1_Stream5_IRQHandler
                0x0000000008002498                PVD_IRQHandler
                0x0000000008002498                SDIO_IRQHandler
                0x0000000008002498                TAMP_STAMP_IRQHandler
                0x0000000008002498                EXTI3_IRQHandler
                0x0000000008002498                TIM1_UP_TIM10_IRQHandler
                0x0000000008002498                I2C3_ER_IRQHandler
                0x0000000008002498                EXTI0_IRQHandler
                0x0000000008002498                I2C2_EV_IRQHandler
                0x0000000008002498                DMA1_Stream2_IRQHandler
                0x0000000008002498                FPU_IRQHandler
                0x0000000008002498                DMA2_Stream2_IRQHandler
                0x0000000008002498                SPI1_IRQHandler
                0x0000000008002498                TIM1_BRK_TIM9_IRQHandler
                0x0000000008002498                DMA2_Stream3_IRQHandler
                0x0000000008002498                USART6_IRQHandler
                0x0000000008002498                DMA2_Stream0_IRQHandler
                0x0000000008002498                TIM4_IRQHandler
                0x0000000008002498                I2C1_EV_IRQHandler
                0x0000000008002498                DMA1_Stream6_IRQHandler
                0x0000000008002498                DMA1_Stream1_IRQHandler
                0x0000000008002498                TIM3_IRQHandler
                0x0000000008002498                RCC_IRQHandler
                0x0000000008002498                Default_Handler
                0x0000000008002498                EXTI15_10_IRQHandler
                0x0000000008002498                ADC_IRQHandler
                0x0000000008002498                DMA1_Stream7_IRQHandler
                0x0000000008002498                TIM5_IRQHandler
                0x0000000008002498                DMA2_Stream7_IRQHandler
                0x0000000008002498                I2C3_EV_IRQHandler
                0x0000000008002498                EXTI9_5_IRQHandler
                0x0000000008002498                RTC_WKUP_IRQHandler
                0x0000000008002498                SPI2_IRQHandler
                0x0000000008002498                DMA1_Stream0_IRQHandler
                0x0000000008002498                EXTI4_IRQHandler
                0x0000000008002498                WWDG_IRQHandler
                0x0000000008002498                TIM2_IRQHandler
                0x0000000008002498                OTG_FS_WKUP_IRQHandler
                0x0000000008002498                TIM1_TRG_COM_TIM11_IRQHandler
                0x0000000008002498                EXTI1_IRQHandler
                0x0000000008002498                USART2_IRQHandler
                0x0000000008002498                I2C2_ER_IRQHandler
                0x0000000008002498                DMA2_Stream1_IRQHandler
                0x0000000008002498                FLASH_IRQHandler
                0x0000000008002498                DMA2_Stream4_IRQHandler
                0x0000000008002498                USART1_IRQHandler
                0x0000000008002498                OTG_FS_IRQHandler
                0x0000000008002498                SPI3_IRQHandler
                0x0000000008002498                DMA1_Stream4_IRQHandler
                0x0000000008002498                I2C1_ER_IRQHandler
                0x0000000008002498                DMA2_Stream6_IRQHandler
                0x0000000008002498                DMA1_Stream3_IRQHandler
 *fill*         0x000000000800249a        0x2 
 .text.HAL_Init
                0x000000000800249c       0x44 ./Drivers/STM32F4xx_HAL_Driver/Src/stm32f4xx_hal.o
                0x000000000800249c                HAL_Init
 .text.HAL_InitTick
                0x00000000080024e0       0x60 ./Drivers/STM32F4xx_HAL_Driver/Src/stm32f4xx_hal.o
                0x00000000080024e0                HAL_InitTick
 .text.HAL_IncTick
                0x0000000008002540       0x28 ./Drivers/STM32F4xx_HAL_Driver/Src/stm32f4xx_hal.o
                0x0000000008002540                HAL_IncTick
 .text.HAL_GetTick
                0x0000000008002568       0x18 ./Drivers/STM32F4xx_HAL_Driver/Src/stm32f4xx_hal.o
                0x0000000008002568                HAL_GetTick
 .text.HAL_Delay
                0x0000000008002580       0x48 ./Drivers/STM32F4xx_HAL_Driver/Src/stm32f4xx_hal.o
                0x0000000008002580                HAL_Delay
 .text.__NVIC_SetPriorityGrouping
                0x00000000080025c8       0x48 ./Drivers/STM32F4xx_HAL_Driver/Src/stm32f4xx_hal_cortex.o
 .text.__NVIC_GetPriorityGrouping
                0x0000000008002610       0x1c ./Drivers/STM32F4xx_HAL_Driver/Src/stm32f4xx_hal_cortex.o
 .text.__NVIC_SetPriority
                0x000000000800262c       0x54 ./Drivers/STM32F4xx_HAL_Driver/Src/stm32f4xx_hal_cortex.o
 .text.NVIC_EncodePriority
                0x0000000008002680       0x66 ./Drivers/STM32F4xx_HAL_Driver/Src/stm32f4xx_hal_cortex.o
 *fill*         0x00000000080026e6        0x2 
 .text.SysTick_Config
                0x00000000080026e8       0x44 ./Drivers/STM32F4xx_HAL_Driver/Src/stm32f4xx_hal_cortex.o
 .text.HAL_NVIC_SetPriorityGrouping
                0x000000000800272c       0x16 ./Drivers/STM32F4xx_HAL_Driver/Src/stm32f4xx_hal_cortex.o
                0x000000000800272c                HAL_NVIC_SetPriorityGrouping
 .text.HAL_NVIC_SetPriority
                0x0000000008002742       0x38 ./Drivers/STM32F4xx_HAL_Driver/Src/stm32f4xx_hal_cortex.o
                0x0000000008002742                HAL_NVIC_SetPriority
 .text.HAL_SYSTICK_Config
                0x000000000800277a       0x18 ./Drivers/STM32F4xx_HAL_Driver/Src/stm32f4xx_hal_cortex.o
                0x000000000800277a                HAL_SYSTICK_Config
 *fill*         0x0000000008002792        0x2 
 .text.HAL_GPIO_Init
                0x0000000008002794      0x308 ./Drivers/STM32F4xx_HAL_Driver/Src/stm32f4xx_hal_gpio.o
                0x0000000008002794                HAL_GPIO_Init
 .text.HAL_GPIO_ReadPin
                0x0000000008002a9c       0x30 ./Drivers/STM32F4xx_HAL_Driver/Src/stm32f4xx_hal_gpio.o
                0x0000000008002a9c                HAL_GPIO_ReadPin
 .text.HAL_GPIO_WritePin
                0x0000000008002acc       0x32 ./Drivers/STM32F4xx_HAL_Driver/Src/stm32f4xx_hal_gpio.o
                0x0000000008002acc                HAL_GPIO_WritePin
 *fill*         0x0000000008002afe        0x2 
 .text.HAL_I2C_Init
                0x0000000008002b00      0x288 ./Drivers/STM32F4xx_HAL_Driver/Src/stm32f4xx_hal_i2c.o
                0x0000000008002b00                HAL_I2C_Init
 .text.HAL_I2C_Master_Transmit
                0x0000000008002d88      0x1fc ./Drivers/STM32F4xx_HAL_Driver/Src/stm32f4xx_hal_i2c.o
                0x0000000008002d88                HAL_I2C_Master_Transmit
 .text.HAL_I2C_Master_Receive
                0x0000000008002f84      0x44c ./Drivers/STM32F4xx_HAL_Driver/Src/stm32f4xx_hal_i2c.o
                0x0000000008002f84                HAL_I2C_Master_Receive
 .text.I2C_MasterRequestWrite
                0x00000000080033d0      0x104 ./Drivers/STM32F4xx_HAL_Driver/Src/stm32f4xx_hal_i2c.o
 .text.I2C_MasterRequestRead
                0x00000000080034d4      0x19c ./Drivers/STM32F4xx_HAL_Driver/Src/stm32f4xx_hal_i2c.o
 .text.I2C_WaitOnFlagUntilTimeout
                0x0000000008003670       0xae ./Drivers/STM32F4xx_HAL_Driver/Src/stm32f4xx_hal_i2c.o
 .text.I2C_WaitOnMasterAddressFlagUntilTimeout
                0x000000000800371e       0xfe ./Drivers/STM32F4xx_HAL_Driver/Src/stm32f4xx_hal_i2c.o
 .text.I2C_WaitOnTXEFlagUntilTimeout
                0x000000000800381c       0x82 ./Drivers/STM32F4xx_HAL_Driver/Src/stm32f4xx_hal_i2c.o
 .text.I2C_WaitOnBTFFlagUntilTimeout
                0x000000000800389e       0x82 ./Drivers/STM32F4xx_HAL_Driver/Src/stm32f4xx_hal_i2c.o
 .text.I2C_WaitOnRXNEFlagUntilTimeout
                0x0000000008003920       0xac ./Drivers/STM32F4xx_HAL_Driver/Src/stm32f4xx_hal_i2c.o
 .text.I2C_IsAcknowledgeFailed
                0x00000000080039cc       0x5e ./Drivers/STM32F4xx_HAL_Driver/Src/stm32f4xx_hal_i2c.o
 *fill*         0x0000000008003a2a        0x2 
 .text.HAL_RCC_OscConfig
                0x0000000008003a2c      0x4f0 ./Drivers/STM32F4xx_HAL_Driver/Src/stm32f4xx_hal_rcc.o
                0x0000000008003a2c                HAL_RCC_OscConfig
 .text.HAL_RCC_ClockConfig
                0x0000000008003f1c      0x1cc ./Drivers/STM32F4xx_HAL_Driver/Src/stm32f4xx_hal_rcc.o
                0x0000000008003f1c                HAL_RCC_ClockConfig
 .text.HAL_RCC_GetSysClockFreq
                0x00000000080040e8      0x20c ./Drivers/STM32F4xx_HAL_Driver/Src/stm32f4xx_hal_rcc.o
                0x00000000080040e8                HAL_RCC_GetSysClockFreq
 .text.HAL_RCC_GetHCLKFreq
                0x00000000080042f4       0x18 ./Drivers/STM32F4xx_HAL_Driver/Src/stm32f4xx_hal_rcc.o
                0x00000000080042f4                HAL_RCC_GetHCLKFreq
 .text.HAL_RCC_GetPCLK1Freq
                0x000000000800430c       0x28 ./Drivers/STM32F4xx_HAL_Driver/Src/stm32f4xx_hal_rcc.o
                0x000000000800430c                HAL_RCC_GetPCLK1Freq
 .text.HAL_RCC_GetPCLK2Freq
                0x0000000008004334       0x28 ./Drivers/STM32F4xx_HAL_Driver/Src/stm32f4xx_hal_rcc.o
                0x0000000008004334                HAL_RCC_GetPCLK2Freq
 .text.HAL_TIM_Base_Init
                0x000000000800435c       0x9e ./Drivers/STM32F4xx_HAL_Driver/Src/stm32f4xx_hal_tim.o
                0x000000000800435c                HAL_TIM_Base_Init
 *fill*         0x00000000080043fa        0x2 
 .text.HAL_TIM_Base_Start
                0x00000000080043fc       0xb4 ./Drivers/STM32F4xx_HAL_Driver/Src/stm32f4xx_hal_tim.o
                0x00000000080043fc                HAL_TIM_Base_Start
 .text.HAL_TIM_PWM_Init
                0x00000000080044b0       0x9e ./Drivers/STM32F4xx_HAL_Driver/Src/stm32f4xx_hal_tim.o
                0x00000000080044b0                HAL_TIM_PWM_Init
 *fill*         0x000000000800454e        0x2 
 .text.HAL_TIM_PWM_Start
                0x0000000008004550      0x160 ./Drivers/STM32F4xx_HAL_Driver/Src/stm32f4xx_hal_tim.o
                0x0000000008004550                HAL_TIM_PWM_Start
 .text.HAL_TIM_IC_Init
                0x00000000080046b0       0x9e ./Drivers/STM32F4xx_HAL_Driver/Src/stm32f4xx_hal_tim.o
                0x00000000080046b0                HAL_TIM_IC_Init
 .text.HAL_TIM_IC_MspInit
                0x000000000800474e       0x14 ./Drivers/STM32F4xx_HAL_Driver/Src/stm32f4xx_hal_tim.o
                0x000000000800474e                HAL_TIM_IC_MspInit
 .text.HAL_TIM_IC_ConfigChannel
                0x0000000008004762      0x138 ./Drivers/STM32F4xx_HAL_Driver/Src/stm32f4xx_hal_tim.o
                0x0000000008004762                HAL_TIM_IC_ConfigChannel
 *fill*         0x000000000800489a        0x2 
 .text.HAL_TIM_PWM_ConfigChannel
                0x000000000800489c      0x184 ./Drivers/STM32F4xx_HAL_Driver/Src/stm32f4xx_hal_tim.o
                0x000000000800489c                HAL_TIM_PWM_ConfigChannel
 .text.HAL_TIM_ConfigClockSource
                0x0000000008004a20      0x18e ./Drivers/STM32F4xx_HAL_Driver/Src/stm32f4xx_hal_tim.o
                0x0000000008004a20                HAL_TIM_ConfigClockSource
 .text.HAL_TIM_SlaveConfigSynchro
                0x0000000008004bae       0x84 ./Drivers/STM32F4xx_HAL_Driver/Src/stm32f4xx_hal_tim.o
                0x0000000008004bae                HAL_TIM_SlaveConfigSynchro
 *fill*         0x0000000008004c32        0x2 
 .text.TIM_Base_SetConfig
                0x0000000008004c34      0x100 ./Drivers/STM32F4xx_HAL_Driver/Src/stm32f4xx_hal_tim.o
                0x0000000008004c34                TIM_Base_SetConfig
 .text.TIM_OC1_SetConfig
                0x0000000008004d34       0xcc ./Drivers/STM32F4xx_HAL_Driver/Src/stm32f4xx_hal_tim.o
 .text.TIM_OC2_SetConfig
                0x0000000008004e00       0xd8 ./Drivers/STM32F4xx_HAL_Driver/Src/stm32f4xx_hal_tim.o
                0x0000000008004e00                TIM_OC2_SetConfig
 .text.TIM_OC3_SetConfig
                0x0000000008004ed8       0xd4 ./Drivers/STM32F4xx_HAL_Driver/Src/stm32f4xx_hal_tim.o
 .text.TIM_OC4_SetConfig
                0x0000000008004fac       0xa0 ./Drivers/STM32F4xx_HAL_Driver/Src/stm32f4xx_hal_tim.o
 .text.TIM_SlaveTimer_SetConfig
                0x000000000800504c      0x122 ./Drivers/STM32F4xx_HAL_Driver/Src/stm32f4xx_hal_tim.o
 *fill*         0x000000000800516e        0x2 
 .text.TIM_TI1_SetConfig
                0x0000000008005170       0xd0 ./Drivers/STM32F4xx_HAL_Driver/Src/stm32f4xx_hal_tim.o
                0x0000000008005170                TIM_TI1_SetConfig
 .text.TIM_TI1_ConfigInputStage
                0x0000000008005240       0x5e ./Drivers/STM32F4xx_HAL_Driver/Src/stm32f4xx_hal_tim.o
 .text.TIM_TI2_SetConfig
                0x000000000800529e       0x7a ./Drivers/STM32F4xx_HAL_Driver/Src/stm32f4xx_hal_tim.o
 .text.TIM_TI2_ConfigInputStage
                0x0000000008005318       0x60 ./Drivers/STM32F4xx_HAL_Driver/Src/stm32f4xx_hal_tim.o
 .text.TIM_TI3_SetConfig
                0x0000000008005378       0x78 ./Drivers/STM32F4xx_HAL_Driver/Src/stm32f4xx_hal_tim.o
 .text.TIM_TI4_SetConfig
                0x00000000080053f0       0x7a ./Drivers/STM32F4xx_HAL_Driver/Src/stm32f4xx_hal_tim.o
 .text.TIM_ITRx_SetConfig
                0x000000000800546a       0x36 ./Drivers/STM32F4xx_HAL_Driver/Src/stm32f4xx_hal_tim.o
 .text.TIM_ETR_SetConfig
                0x00000000080054a0       0x40 ./Drivers/STM32F4xx_HAL_Driver/Src/stm32f4xx_hal_tim.o
                0x00000000080054a0                TIM_ETR_SetConfig
 .text.TIM_CCxChannelCmd
                0x00000000080054e0       0x4a ./Drivers/STM32F4xx_HAL_Driver/Src/stm32f4xx_hal_tim.o
                0x00000000080054e0                TIM_CCxChannelCmd
 *fill*         0x000000000800552a        0x2 
 .text.HAL_TIMEx_MasterConfigSynchronization
                0x000000000800552c       0xdc ./Drivers/STM32F4xx_HAL_Driver/Src/stm32f4xx_hal_tim_ex.o
                0x000000000800552c                HAL_TIMEx_MasterConfigSynchronization
 .text.HAL_UART_Init
                0x0000000008005608       0x9a ./Drivers/STM32F4xx_HAL_Driver/Src/stm32f4xx_hal_uart.o
                0x0000000008005608                HAL_UART_Init
 *fill*         0x00000000080056a2        0x2 
 .text.UART_SetConfig
                0x00000000080056a4      0x4e8 ./Drivers/STM32F4xx_HAL_Driver/Src/stm32f4xx_hal_uart.o
 .text.memset   0x0000000008005b8c       0x10 C:/ST/STM32CubeIDE_1.13.2/STM32CubeIDE/plugins/com.st.stm32cube.ide.mcu.externaltools.gnu-tools-for-stm32.11.3.rel1.win32_1.1.1.202309131626/tools/bin/../lib/gcc/arm-none-eabi/11.3.1/../../../../arm-none-eabi/lib/thumb/v7e-m+fp/hard\libc_nano.a(libc_a-memset.o)
                0x0000000008005b8c                memset
 .text.__libc_init_array
                0x0000000008005b9c       0x48 C:/ST/STM32CubeIDE_1.13.2/STM32CubeIDE/plugins/com.st.stm32cube.ide.mcu.externaltools.gnu-tools-for-stm32.11.3.rel1.win32_1.1.1.202309131626/tools/bin/../lib/gcc/arm-none-eabi/11.3.1/../../../../arm-none-eabi/lib/thumb/v7e-m+fp/hard\libc_nano.a(libc_a-init.o)
                0x0000000008005b9c                __libc_init_array
 *(.glue_7)
 .glue_7        0x0000000008005be4        0x0 linker stubs
 *(.glue_7t)
 .glue_7t       0x0000000008005be4        0x0 linker stubs
 *(.eh_frame)
 .eh_frame      0x0000000008005be4        0x0 C:/ST/STM32CubeIDE_1.13.2/STM32CubeIDE/plugins/com.st.stm32cube.ide.mcu.externaltools.gnu-tools-for-stm32.11.3.rel1.win32_1.1.1.202309131626/tools/bin/../lib/gcc/arm-none-eabi/11.3.1/thumb/v7e-m+fp/hard/crtbegin.o
 *(.init)
 .init          0x0000000008005be4        0x4 C:/ST/STM32CubeIDE_1.13.2/STM32CubeIDE/plugins/com.st.stm32cube.ide.mcu.externaltools.gnu-tools-for-stm32.11.3.rel1.win32_1.1.1.202309131626/tools/bin/../lib/gcc/arm-none-eabi/11.3.1/thumb/v7e-m+fp/hard/crti.o
                0x0000000008005be4                _init
 .init          0x0000000008005be8        0x8 C:/ST/STM32CubeIDE_1.13.2/STM32CubeIDE/plugins/com.st.stm32cube.ide.mcu.externaltools.gnu-tools-for-stm32.11.3.rel1.win32_1.1.1.202309131626/tools/bin/../lib/gcc/arm-none-eabi/11.3.1/thumb/v7e-m+fp/hard/crtn.o
 *(.fini)
 .fini          0x0000000008005bf0        0x4 C:/ST/STM32CubeIDE_1.13.2/STM32CubeIDE/plugins/com.st.stm32cube.ide.mcu.externaltools.gnu-tools-for-stm32.11.3.rel1.win32_1.1.1.202309131626/tools/bin/../lib/gcc/arm-none-eabi/11.3.1/thumb/v7e-m+fp/hard/crti.o
                0x0000000008005bf0                _fini
 .fini          0x0000000008005bf4        0x8 C:/ST/STM32CubeIDE_1.13.2/STM32CubeIDE/plugins/com.st.stm32cube.ide.mcu.externaltools.gnu-tools-for-stm32.11.3.rel1.win32_1.1.1.202309131626/tools/bin/../lib/gcc/arm-none-eabi/11.3.1/thumb/v7e-m+fp/hard/crtn.o
                0x0000000008005bfc                . = ALIGN (0x4)
                0x0000000008005bfc                _etext = .

.vfp11_veneer   0x0000000008005bfc        0x0
 .vfp11_veneer  0x0000000008005bfc        0x0 linker stubs

.v4_bx          0x0000000008005bfc        0x0
 .v4_bx         0x0000000008005bfc        0x0 linker stubs

.iplt           0x0000000008005bfc        0x0
 .iplt          0x0000000008005bfc        0x0 C:/ST/STM32CubeIDE_1.13.2/STM32CubeIDE/plugins/com.st.stm32cube.ide.mcu.externaltools.gnu-tools-for-stm32.11.3.rel1.win32_1.1.1.202309131626/tools/bin/../lib/gcc/arm-none-eabi/11.3.1/thumb/v7e-m+fp/hard/crtbegin.o

.rodata         0x0000000008005bfc       0x18
                0x0000000008005bfc                . = ALIGN (0x4)
 *(.rodata)
 *(.rodata*)
 .rodata.AHBPrescTable
                0x0000000008005bfc       0x10 ./Core/Src/system_stm32f4xx.o
                0x0000000008005bfc                AHBPrescTable
 .rodata.APBPrescTable
                0x0000000008005c0c        0x8 ./Core/Src/system_stm32f4xx.o
                0x0000000008005c0c                APBPrescTable
                0x0000000008005c14                . = ALIGN (0x4)

.ARM.extab      0x0000000008005c14        0x0
                0x0000000008005c14                . = ALIGN (0x4)
 *(.ARM.extab* .gnu.linkonce.armextab.*)
                0x0000000008005c14                . = ALIGN (0x4)

.ARM            0x0000000008005c14        0x8
                0x0000000008005c14                . = ALIGN (0x4)
                0x0000000008005c14                __exidx_start = .
 *(.ARM.exidx*)
 .ARM.exidx     0x0000000008005c14        0x8 C:/ST/STM32CubeIDE_1.13.2/STM32CubeIDE/plugins/com.st.stm32cube.ide.mcu.externaltools.gnu-tools-for-stm32.11.3.rel1.win32_1.1.1.202309131626/tools/bin/../lib/gcc/arm-none-eabi/11.3.1/thumb/v7e-m+fp/hard\libgcc.a(_udivmoddi4.o)
                0x0000000008005c1c                __exidx_end = .
                0x0000000008005c1c                . = ALIGN (0x4)

.rel.dyn        0x0000000008005c1c        0x0
 .rel.iplt      0x0000000008005c1c        0x0 C:/ST/STM32CubeIDE_1.13.2/STM32CubeIDE/plugins/com.st.stm32cube.ide.mcu.externaltools.gnu-tools-for-stm32.11.3.rel1.win32_1.1.1.202309131626/tools/bin/../lib/gcc/arm-none-eabi/11.3.1/thumb/v7e-m+fp/hard/crtbegin.o

.preinit_array  0x0000000008005c1c        0x0
                0x0000000008005c1c                . = ALIGN (0x4)
                0x0000000008005c1c                PROVIDE (__preinit_array_start = .)
 *(.preinit_array*)
                0x0000000008005c1c                PROVIDE (__preinit_array_end = .)
                0x0000000008005c1c                . = ALIGN (0x4)

.init_array     0x0000000008005c1c        0x4
                0x0000000008005c1c                . = ALIGN (0x4)
                0x0000000008005c1c                PROVIDE (__init_array_start = .)
 *(SORT_BY_NAME(.init_array.*))
 *(.init_array*)
 .init_array    0x0000000008005c1c        0x4 C:/ST/STM32CubeIDE_1.13.2/STM32CubeIDE/plugins/com.st.stm32cube.ide.mcu.externaltools.gnu-tools-for-stm32.11.3.rel1.win32_1.1.1.202309131626/tools/bin/../lib/gcc/arm-none-eabi/11.3.1/thumb/v7e-m+fp/hard/crtbegin.o
                0x0000000008005c20                PROVIDE (__init_array_end = .)
                0x0000000008005c20                . = ALIGN (0x4)

.fini_array     0x0000000008005c20        0x4
                0x0000000008005c20                . = ALIGN (0x4)
                [!provide]                        PROVIDE (__fini_array_start = .)
 *(SORT_BY_NAME(.fini_array.*))
 *(.fini_array*)
 .fini_array    0x0000000008005c20        0x4 C:/ST/STM32CubeIDE_1.13.2/STM32CubeIDE/plugins/com.st.stm32cube.ide.mcu.externaltools.gnu-tools-for-stm32.11.3.rel1.win32_1.1.1.202309131626/tools/bin/../lib/gcc/arm-none-eabi/11.3.1/thumb/v7e-m+fp/hard/crtbegin.o
                [!provide]                        PROVIDE (__fini_array_end = .)
                0x0000000008005c24                . = ALIGN (0x4)
                0x0000000008005c24                _sidata = LOADADDR (.data)

.data           0x0000000020000000        0xc load address 0x0000000008005c24
                0x0000000020000000                . = ALIGN (0x4)
                0x0000000020000000                _sdata = .
 *(.data)
 *(.data*)
 .data.SystemCoreClock
                0x0000000020000000        0x4 ./Core/Src/system_stm32f4xx.o
                0x0000000020000000                SystemCoreClock
 .data.uwTickPrio
                0x0000000020000004        0x4 ./Drivers/STM32F4xx_HAL_Driver/Src/stm32f4xx_hal.o
                0x0000000020000004                uwTickPrio
 .data.uwTickFreq
                0x0000000020000008        0x1 ./Drivers/STM32F4xx_HAL_Driver/Src/stm32f4xx_hal.o
                0x0000000020000008                uwTickFreq
 *(.RamFunc)
 *(.RamFunc*)
                0x000000002000000c                . = ALIGN (0x4)
 *fill*         0x0000000020000009        0x3 
                0x000000002000000c                _edata = .

.igot.plt       0x000000002000000c        0x0 load address 0x0000000008005c30
 .igot.plt      0x000000002000000c        0x0 C:/ST/STM32CubeIDE_1.13.2/STM32CubeIDE/plugins/com.st.stm32cube.ide.mcu.externaltools.gnu-tools-for-stm32.11.3.rel1.win32_1.1.1.202309131626/tools/bin/../lib/gcc/arm-none-eabi/11.3.1/thumb/v7e-m+fp/hard/crtbegin.o
                0x000000002000000c                . = ALIGN (0x4)

.bss            0x0000000020000010      0x2a8 load address 0x0000000008005c30
                0x0000000020000010                _sbss = .
                0x0000000020000010                __bss_start__ = _sbss
 *(.bss)
 .bss           0x0000000020000010       0x1c C:/ST/STM32CubeIDE_1.13.2/STM32CubeIDE/plugins/com.st.stm32cube.ide.mcu.externaltools.gnu-tools-for-stm32.11.3.rel1.win32_1.1.1.202309131626/tools/bin/../lib/gcc/arm-none-eabi/11.3.1/thumb/v7e-m+fp/hard/crtbegin.o
 *(.bss*)
 .bss.control_signal
                0x000000002000002c        0x4 ./Core/Src/main.o
                0x000000002000002c                control_signal
 .bss.count     0x0000000020000030        0x4 ./Core/Src/main.o
                0x0000000020000030                count
 .bss.error     0x0000000020000034        0x4 ./Core/Src/main.o
                0x0000000020000034                error
 .bss.left_speed
                0x0000000020000038        0x4 ./Core/Src/main.o
                0x0000000020000038                left_speed
 .bss.right_speed
                0x000000002000003c        0x4 ./Core/Src/main.o
                0x000000002000003c                right_speed
 .bss.hi2c1     0x0000000020000040       0x54 ./Core/Src/main.o
                0x0000000020000040                hi2c1
 .bss.hi2c3     0x0000000020000094       0x54 ./Core/Src/main.o
                0x0000000020000094                hi2c3
 .bss.htim1     0x00000000200000e8       0x48 ./Core/Src/main.o
                0x00000000200000e8                htim1
 .bss.htim2     0x0000000020000130       0x48 ./Core/Src/main.o
                0x0000000020000130                htim2
 .bss.htim3     0x0000000020000178       0x48 ./Core/Src/main.o
                0x0000000020000178                htim3
 .bss.htim4     0x00000000200001c0       0x48 ./Core/Src/main.o
                0x00000000200001c0                htim4
 .bss.huart2    0x0000000020000208       0x44 ./Core/Src/main.o
                0x0000000020000208                huart2
 .bss.pid       0x000000002000024c        0x8 ./Core/Src/main.o
                0x000000002000024c                pid
 *fill*         0x0000000020000254        0x4 
 .bss.rgb_sensor_left
                0x0000000020000258       0x28 ./Core/Src/main.o
                0x0000000020000258                rgb_sensor_left
 .bss.rgb_sensor_right
                0x0000000020000280       0x28 ./Core/Src/main.o
                0x0000000020000280                rgb_sensor_right
 .bss.motor_driver
                0x00000000200002a8        0x8 ./Core/Src/main.o
                0x00000000200002a8                motor_driver
 .bss.gripper_servo
                0x00000000200002b0        0x4 ./Core/Src/main.o
                0x00000000200002b0                gripper_servo
 .bss.uwTick    0x00000000200002b4        0x4 ./Drivers/STM32F4xx_HAL_Driver/Src/stm32f4xx_hal.o
                0x00000000200002b4                uwTick
 *(COMMON)
                0x00000000200002b8                . = ALIGN (0x4)
                0x00000000200002b8                _ebss = .
                0x00000000200002b8                __bss_end__ = _ebss

._user_heap_stack
                0x00000000200002b8      0x600 load address 0x0000000008005c30
                0x00000000200002b8                . = ALIGN (0x8)
                [!provide]                        PROVIDE (end = .)
                0x00000000200002b8                PROVIDE (_end = .)
                0x00000000200004b8                . = (. + _Min_Heap_Size)
 *fill*         0x00000000200002b8      0x200 
                0x00000000200008b8                . = (. + _Min_Stack_Size)
 *fill*         0x00000000200004b8      0x400 
                0x00000000200008b8                . = ALIGN (0x8)

/DISCARD/
 libc.a(*)
 libm.a(*)
 libgcc.a(*)

.ARM.attributes
                0x0000000000000000       0x30
 *(.ARM.attributes)
 .ARM.attributes
                0x0000000000000000       0x1e C:/ST/STM32CubeIDE_1.13.2/STM32CubeIDE/plugins/com.st.stm32cube.ide.mcu.externaltools.gnu-tools-for-stm32.11.3.rel1.win32_1.1.1.202309131626/tools/bin/../lib/gcc/arm-none-eabi/11.3.1/thumb/v7e-m+fp/hard/crti.o
 .ARM.attributes
                0x000000000000001e       0x34 C:/ST/STM32CubeIDE_1.13.2/STM32CubeIDE/plugins/com.st.stm32cube.ide.mcu.externaltools.gnu-tools-for-stm32.11.3.rel1.win32_1.1.1.202309131626/tools/bin/../lib/gcc/arm-none-eabi/11.3.1/thumb/v7e-m+fp/hard/crtbegin.o
 .ARM.attributes
                0x0000000000000052       0x34 ./Core/Src/HCSR04.o
 .ARM.attributes
                0x0000000000000086       0x34 ./Core/Src/L298N.o
 .ARM.attributes
                0x00000000000000ba       0x34 ./Core/Src/SG90.o
 .ARM.attributes
                0x00000000000000ee       0x34 ./Core/Src/TCS34725.o
 .ARM.attributes
                0x0000000000000122       0x34 ./Core/Src/main.o
 .ARM.attributes
                0x0000000000000156       0x34 ./Core/Src/stm32f4xx_hal_msp.o
 .ARM.attributes
                0x000000000000018a       0x34 ./Core/Src/stm32f4xx_it.o
 .ARM.attributes
                0x00000000000001be       0x34 ./Core/Src/system_stm32f4xx.o
 .ARM.attributes
                0x00000000000001f2       0x21 ./Core/Startup/startup_stm32f401retx.o
 .ARM.attributes
                0x0000000000000213       0x34 ./Drivers/STM32F4xx_HAL_Driver/Src/stm32f4xx_hal.o
 .ARM.attributes
                0x0000000000000247       0x34 ./Drivers/STM32F4xx_HAL_Driver/Src/stm32f4xx_hal_cortex.o
 .ARM.attributes
                0x000000000000027b       0x34 ./Drivers/STM32F4xx_HAL_Driver/Src/stm32f4xx_hal_gpio.o
 .ARM.attributes
                0x00000000000002af       0x34 ./Drivers/STM32F4xx_HAL_Driver/Src/stm32f4xx_hal_i2c.o
 .ARM.attributes
                0x00000000000002e3       0x34 ./Drivers/STM32F4xx_HAL_Driver/Src/stm32f4xx_hal_rcc.o
 .ARM.attributes
                0x0000000000000317       0x34 ./Drivers/STM32F4xx_HAL_Driver/Src/stm32f4xx_hal_tim.o
 .ARM.attributes
                0x000000000000034b       0x34 ./Drivers/STM32F4xx_HAL_Driver/Src/stm32f4xx_hal_tim_ex.o
 .ARM.attributes
                0x000000000000037f       0x34 ./Drivers/STM32F4xx_HAL_Driver/Src/stm32f4xx_hal_uart.o
 .ARM.attributes
                0x00000000000003b3       0x34 C:/ST/STM32CubeIDE_1.13.2/STM32CubeIDE/plugins/com.st.stm32cube.ide.mcu.externaltools.gnu-tools-for-stm32.11.3.rel1.win32_1.1.1.202309131626/tools/bin/../lib/gcc/arm-none-eabi/11.3.1/../../../../arm-none-eabi/lib/thumb/v7e-m+fp/hard\libc_nano.a(libc_a-memset.o)
 .ARM.attributes
                0x00000000000003e7       0x34 C:/ST/STM32CubeIDE_1.13.2/STM32CubeIDE/plugins/com.st.stm32cube.ide.mcu.externaltools.gnu-tools-for-stm32.11.3.rel1.win32_1.1.1.202309131626/tools/bin/../lib/gcc/arm-none-eabi/11.3.1/../../../../arm-none-eabi/lib/thumb/v7e-m+fp/hard\libc_nano.a(libc_a-init.o)
 .ARM.attributes
                0x000000000000041b       0x1e C:/ST/STM32CubeIDE_1.13.2/STM32CubeIDE/plugins/com.st.stm32cube.ide.mcu.externaltools.gnu-tools-for-stm32.11.3.rel1.win32_1.1.1.202309131626/tools/bin/../lib/gcc/arm-none-eabi/11.3.1/thumb/v7e-m+fp/hard\libgcc.a(_arm_addsubdf3.o)
 .ARM.attributes
                0x0000000000000439       0x1e C:/ST/STM32CubeIDE_1.13.2/STM32CubeIDE/plugins/com.st.stm32cube.ide.mcu.externaltools.gnu-tools-for-stm32.11.3.rel1.win32_1.1.1.202309131626/tools/bin/../lib/gcc/arm-none-eabi/11.3.1/thumb/v7e-m+fp/hard\libgcc.a(_arm_muldivdf3.o)
 .ARM.attributes
                0x0000000000000457       0x1e C:/ST/STM32CubeIDE_1.13.2/STM32CubeIDE/plugins/com.st.stm32cube.ide.mcu.externaltools.gnu-tools-for-stm32.11.3.rel1.win32_1.1.1.202309131626/tools/bin/../lib/gcc/arm-none-eabi/11.3.1/thumb/v7e-m+fp/hard\libgcc.a(_arm_cmpdf2.o)
 .ARM.attributes
                0x0000000000000475       0x1e C:/ST/STM32CubeIDE_1.13.2/STM32CubeIDE/plugins/com.st.stm32cube.ide.mcu.externaltools.gnu-tools-for-stm32.11.3.rel1.win32_1.1.1.202309131626/tools/bin/../lib/gcc/arm-none-eabi/11.3.1/thumb/v7e-m+fp/hard\libgcc.a(_arm_fixunsdfsi.o)
 .ARM.attributes
                0x0000000000000493       0x1e C:/ST/STM32CubeIDE_1.13.2/STM32CubeIDE/plugins/com.st.stm32cube.ide.mcu.externaltools.gnu-tools-for-stm32.11.3.rel1.win32_1.1.1.202309131626/tools/bin/../lib/gcc/arm-none-eabi/11.3.1/thumb/v7e-m+fp/hard\libgcc.a(_arm_truncdfsf2.o)
 .ARM.attributes
                0x00000000000004b1       0x1e C:/ST/STM32CubeIDE_1.13.2/STM32CubeIDE/plugins/com.st.stm32cube.ide.mcu.externaltools.gnu-tools-for-stm32.11.3.rel1.win32_1.1.1.202309131626/tools/bin/../lib/gcc/arm-none-eabi/11.3.1/thumb/v7e-m+fp/hard\libgcc.a(_aeabi_uldivmod.o)
 .ARM.attributes
                0x00000000000004cf       0x34 C:/ST/STM32CubeIDE_1.13.2/STM32CubeIDE/plugins/com.st.stm32cube.ide.mcu.externaltools.gnu-tools-for-stm32.11.3.rel1.win32_1.1.1.202309131626/tools/bin/../lib/gcc/arm-none-eabi/11.3.1/thumb/v7e-m+fp/hard\libgcc.a(_udivmoddi4.o)
 .ARM.attributes
                0x0000000000000503       0x1e C:/ST/STM32CubeIDE_1.13.2/STM32CubeIDE/plugins/com.st.stm32cube.ide.mcu.externaltools.gnu-tools-for-stm32.11.3.rel1.win32_1.1.1.202309131626/tools/bin/../lib/gcc/arm-none-eabi/11.3.1/thumb/v7e-m+fp/hard\libgcc.a(_dvmd_tls.o)
 .ARM.attributes
                0x0000000000000521       0x1e C:/ST/STM32CubeIDE_1.13.2/STM32CubeIDE/plugins/com.st.stm32cube.ide.mcu.externaltools.gnu-tools-for-stm32.11.3.rel1.win32_1.1.1.202309131626/tools/bin/../lib/gcc/arm-none-eabi/11.3.1/thumb/v7e-m+fp/hard/crtn.o
OUTPUT(MTE-380-Project.elf elf32-littlearm)
LOAD linker stubs
LOAD C:/ST/STM32CubeIDE_1.13.2/STM32CubeIDE/plugins/com.st.stm32cube.ide.mcu.externaltools.gnu-tools-for-stm32.11.3.rel1.win32_1.1.1.202309131626/tools/bin/../lib/gcc/arm-none-eabi/11.3.1/../../../../arm-none-eabi/lib/thumb/v7e-m+fp/hard\libc.a
LOAD C:/ST/STM32CubeIDE_1.13.2/STM32CubeIDE/plugins/com.st.stm32cube.ide.mcu.externaltools.gnu-tools-for-stm32.11.3.rel1.win32_1.1.1.202309131626/tools/bin/../lib/gcc/arm-none-eabi/11.3.1/../../../../arm-none-eabi/lib/thumb/v7e-m+fp/hard\libm.a
LOAD C:/ST/STM32CubeIDE_1.13.2/STM32CubeIDE/plugins/com.st.stm32cube.ide.mcu.externaltools.gnu-tools-for-stm32.11.3.rel1.win32_1.1.1.202309131626/tools/bin/../lib/gcc/arm-none-eabi/11.3.1/thumb/v7e-m+fp/hard\libgcc.a

.comment        0x0000000000000000       0x43
 .comment       0x0000000000000000       0x43 C:/ST/STM32CubeIDE_1.13.2/STM32CubeIDE/plugins/com.st.stm32cube.ide.mcu.externaltools.gnu-tools-for-stm32.11.3.rel1.win32_1.1.1.202309131626/tools/bin/../lib/gcc/arm-none-eabi/11.3.1/thumb/v7e-m+fp/hard/crtbegin.o
                                         0x44 (size before relaxing)
 .comment       0x0000000000000043       0x44 ./Core/Src/HCSR04.o
 .comment       0x0000000000000043       0x44 ./Core/Src/L298N.o
 .comment       0x0000000000000043       0x44 ./Core/Src/SG90.o
 .comment       0x0000000000000043       0x44 ./Core/Src/TCS34725.o
 .comment       0x0000000000000043       0x44 ./Core/Src/main.o
 .comment       0x0000000000000043       0x44 ./Core/Src/stm32f4xx_hal_msp.o
 .comment       0x0000000000000043       0x44 ./Core/Src/stm32f4xx_it.o
 .comment       0x0000000000000043       0x44 ./Core/Src/system_stm32f4xx.o
 .comment       0x0000000000000043       0x44 ./Drivers/STM32F4xx_HAL_Driver/Src/stm32f4xx_hal.o
 .comment       0x0000000000000043       0x44 ./Drivers/STM32F4xx_HAL_Driver/Src/stm32f4xx_hal_cortex.o
 .comment       0x0000000000000043       0x44 ./Drivers/STM32F4xx_HAL_Driver/Src/stm32f4xx_hal_gpio.o
 .comment       0x0000000000000043       0x44 ./Drivers/STM32F4xx_HAL_Driver/Src/stm32f4xx_hal_i2c.o
 .comment       0x0000000000000043       0x44 ./Drivers/STM32F4xx_HAL_Driver/Src/stm32f4xx_hal_rcc.o
 .comment       0x0000000000000043       0x44 ./Drivers/STM32F4xx_HAL_Driver/Src/stm32f4xx_hal_tim.o
 .comment       0x0000000000000043       0x44 ./Drivers/STM32F4xx_HAL_Driver/Src/stm32f4xx_hal_tim_ex.o
 .comment       0x0000000000000043       0x44 ./Drivers/STM32F4xx_HAL_Driver/Src/stm32f4xx_hal_uart.o

.debug_info     0x0000000000000000    0x10b0c
 .debug_info    0x0000000000000000      0x83a ./Core/Src/HCSR04.o
 .debug_info    0x000000000000083a      0x96e ./Core/Src/L298N.o
 .debug_info    0x00000000000011a8      0x76f ./Core/Src/SG90.o
 .debug_info    0x0000000000001917      0x89e ./Core/Src/TCS34725.o
 .debug_info    0x00000000000021b5     0x1a3a ./Core/Src/main.o
 .debug_info    0x0000000000003bef     0x11b3 ./Core/Src/stm32f4xx_hal_msp.o
 .debug_info    0x0000000000004da2      0x119 ./Core/Src/stm32f4xx_it.o
 .debug_info    0x0000000000004ebb      0x53e ./Core/Src/system_stm32f4xx.o
 .debug_info    0x00000000000053f9       0x23 ./Core/Startup/startup_stm32f401retx.o
 .debug_info    0x000000000000541c      0x8bb ./Drivers/STM32F4xx_HAL_Driver/Src/stm32f4xx_hal.o
 .debug_info    0x0000000000005cd7      0xcb0 ./Drivers/STM32F4xx_HAL_Driver/Src/stm32f4xx_hal_cortex.o
 .debug_info    0x0000000000006987      0x6f9 ./Drivers/STM32F4xx_HAL_Driver/Src/stm32f4xx_hal_gpio.o
 .debug_info    0x0000000000007080     0x23f2 ./Drivers/STM32F4xx_HAL_Driver/Src/stm32f4xx_hal_i2c.o
 .debug_info    0x0000000000009472      0x8f3 ./Drivers/STM32F4xx_HAL_Driver/Src/stm32f4xx_hal_rcc.o
 .debug_info    0x0000000000009d65     0x2941 ./Drivers/STM32F4xx_HAL_Driver/Src/stm32f4xx_hal_tim.o
 .debug_info    0x000000000000c6a6     0x14a7 ./Drivers/STM32F4xx_HAL_Driver/Src/stm32f4xx_hal_tim_ex.o
 .debug_info    0x000000000000db4d     0x2fbf ./Drivers/STM32F4xx_HAL_Driver/Src/stm32f4xx_hal_uart.o

.debug_abbrev   0x0000000000000000     0x2304
 .debug_abbrev  0x0000000000000000      0x20a ./Core/Src/HCSR04.o
 .debug_abbrev  0x000000000000020a      0x1ce ./Core/Src/L298N.o
 .debug_abbrev  0x00000000000003d8      0x1da ./Core/Src/SG90.o
 .debug_abbrev  0x00000000000005b2      0x1a4 ./Core/Src/TCS34725.o
 .debug_abbrev  0x0000000000000756      0x2e0 ./Core/Src/main.o
 .debug_abbrev  0x0000000000000a36      0x24b ./Core/Src/stm32f4xx_hal_msp.o
 .debug_abbrev  0x0000000000000c81       0x73 ./Core/Src/stm32f4xx_it.o
 .debug_abbrev  0x0000000000000cf4      0x11a ./Core/Src/system_stm32f4xx.o
 .debug_abbrev  0x0000000000000e0e       0x12 ./Core/Startup/startup_stm32f401retx.o
 .debug_abbrev  0x0000000000000e20      0x24b ./Drivers/STM32F4xx_HAL_Driver/Src/stm32f4xx_hal.o
 .debug_abbrev  0x000000000000106b      0x327 ./Drivers/STM32F4xx_HAL_Driver/Src/stm32f4xx_hal_cortex.o
 .debug_abbrev  0x0000000000001392      0x1d3 ./Drivers/STM32F4xx_HAL_Driver/Src/stm32f4xx_hal_gpio.o
 .debug_abbrev  0x0000000000001565      0x2bc ./Drivers/STM32F4xx_HAL_Driver/Src/stm32f4xx_hal_i2c.o
 .debug_abbrev  0x0000000000001821      0x2b5 ./Drivers/STM32F4xx_HAL_Driver/Src/stm32f4xx_hal_rcc.o
 .debug_abbrev  0x0000000000001ad6      0x284 ./Drivers/STM32F4xx_HAL_Driver/Src/stm32f4xx_hal_tim.o
 .debug_abbrev  0x0000000000001d5a      0x28f ./Drivers/STM32F4xx_HAL_Driver/Src/stm32f4xx_hal_tim_ex.o
 .debug_abbrev  0x0000000000001fe9      0x31b ./Drivers/STM32F4xx_HAL_Driver/Src/stm32f4xx_hal_uart.o

.debug_aranges  0x0000000000000000      0xf38
 .debug_aranges
                0x0000000000000000       0x28 ./Core/Src/HCSR04.o
 .debug_aranges
                0x0000000000000028       0x50 ./Core/Src/L298N.o
 .debug_aranges
                0x0000000000000078       0x30 ./Core/Src/SG90.o
 .debug_aranges
                0x00000000000000a8       0x38 ./Core/Src/TCS34725.o
 .debug_aranges
                0x00000000000000e0       0x80 ./Core/Src/main.o
 .debug_aranges
                0x0000000000000160       0x68 ./Core/Src/stm32f4xx_hal_msp.o
 .debug_aranges
                0x00000000000001c8       0x60 ./Core/Src/stm32f4xx_it.o
 .debug_aranges
                0x0000000000000228       0x28 ./Core/Src/system_stm32f4xx.o
 .debug_aranges
                0x0000000000000250       0x28 ./Core/Startup/startup_stm32f401retx.o
 .debug_aranges
                0x0000000000000278       0xf0 ./Drivers/STM32F4xx_HAL_Driver/Src/stm32f4xx_hal.o
 .debug_aranges
                0x0000000000000368      0x118 ./Drivers/STM32F4xx_HAL_Driver/Src/stm32f4xx_hal_cortex.o
 .debug_aranges
                0x0000000000000480       0x58 ./Drivers/STM32F4xx_HAL_Driver/Src/stm32f4xx_hal_gpio.o
 .debug_aranges
                0x00000000000004d8      0x2a0 ./Drivers/STM32F4xx_HAL_Driver/Src/stm32f4xx_hal_i2c.o
 .debug_aranges
                0x0000000000000778       0x88 ./Drivers/STM32F4xx_HAL_Driver/Src/stm32f4xx_hal_rcc.o
 .debug_aranges
                0x0000000000000800      0x3d0 ./Drivers/STM32F4xx_HAL_Driver/Src/stm32f4xx_hal_tim.o
 .debug_aranges
                0x0000000000000bd0      0x168 ./Drivers/STM32F4xx_HAL_Driver/Src/stm32f4xx_hal_tim_ex.o
 .debug_aranges
                0x0000000000000d38      0x200 ./Drivers/STM32F4xx_HAL_Driver/Src/stm32f4xx_hal_uart.o

.debug_rnglists
                0x0000000000000000      0xc0e
 .debug_rnglists
                0x0000000000000000       0x1a ./Core/Src/HCSR04.o
 .debug_rnglists
                0x000000000000001a       0x3b ./Core/Src/L298N.o
 .debug_rnglists
                0x0000000000000055       0x1f ./Core/Src/SG90.o
 .debug_rnglists
                0x0000000000000074       0x26 ./Core/Src/TCS34725.o
 .debug_rnglists
                0x000000000000009a       0x64 ./Core/Src/main.o
 .debug_rnglists
                0x00000000000000fe       0x4d ./Core/Src/stm32f4xx_hal_msp.o
 .debug_rnglists
                0x000000000000014b       0x43 ./Core/Src/stm32f4xx_it.o
 .debug_rnglists
                0x000000000000018e       0x1a ./Core/Src/system_stm32f4xx.o
 .debug_rnglists
                0x00000000000001a8       0x19 ./Core/Startup/startup_stm32f401retx.o
 .debug_rnglists
                0x00000000000001c1       0xaf ./Drivers/STM32F4xx_HAL_Driver/Src/stm32f4xx_hal.o
 .debug_rnglists
                0x0000000000000270       0xce ./Drivers/STM32F4xx_HAL_Driver/Src/stm32f4xx_hal_cortex.o
 .debug_rnglists
                0x000000000000033e       0x3f ./Drivers/STM32F4xx_HAL_Driver/Src/stm32f4xx_hal_gpio.o
 .debug_rnglists
                0x000000000000037d      0x235 ./Drivers/STM32F4xx_HAL_Driver/Src/stm32f4xx_hal_i2c.o
 .debug_rnglists
                0x00000000000005b2       0x66 ./Drivers/STM32F4xx_HAL_Driver/Src/stm32f4xx_hal_rcc.o
 .debug_rnglists
                0x0000000000000618      0x31a ./Drivers/STM32F4xx_HAL_Driver/Src/stm32f4xx_hal_tim.o
 .debug_rnglists
                0x0000000000000932      0x125 ./Drivers/STM32F4xx_HAL_Driver/Src/stm32f4xx_hal_tim_ex.o
 .debug_rnglists
                0x0000000000000a57      0x1b7 ./Drivers/STM32F4xx_HAL_Driver/Src/stm32f4xx_hal_uart.o

.debug_macro    0x0000000000000000    0x16357
 .debug_macro   0x0000000000000000      0x1f6 ./Core/Src/HCSR04.o
 .debug_macro   0x00000000000001f6      0xaa8 ./Core/Src/HCSR04.o
 .debug_macro   0x0000000000000c9e      0x2a1 ./Core/Src/HCSR04.o
 .debug_macro   0x0000000000000f3f       0x2e ./Core/Src/HCSR04.o
 .debug_macro   0x0000000000000f6d       0x28 ./Core/Src/HCSR04.o
 .debug_macro   0x0000000000000f95       0x22 ./Core/Src/HCSR04.o
 .debug_macro   0x0000000000000fb7       0x8e ./Core/Src/HCSR04.o
 .debug_macro   0x0000000000001045       0x51 ./Core/Src/HCSR04.o
 .debug_macro   0x0000000000001096      0x103 ./Core/Src/HCSR04.o
 .debug_macro   0x0000000000001199       0x6a ./Core/Src/HCSR04.o
 .debug_macro   0x0000000000001203      0x1df ./Core/Src/HCSR04.o
 .debug_macro   0x00000000000013e2       0x1c ./Core/Src/HCSR04.o
 .debug_macro   0x00000000000013fe       0x22 ./Core/Src/HCSR04.o
 .debug_macro   0x0000000000001420       0xd9 ./Core/Src/HCSR04.o
 .debug_macro   0x00000000000014f9     0x102d ./Core/Src/HCSR04.o
 .debug_macro   0x0000000000002526      0x11f ./Core/Src/HCSR04.o
 .debug_macro   0x0000000000002645     0xb86c ./Core/Src/HCSR04.o
 .debug_macro   0x000000000000deb1       0x6d ./Core/Src/HCSR04.o
 .debug_macro   0x000000000000df1e     0x367e ./Core/Src/HCSR04.o
 .debug_macro   0x000000000001159c      0x174 ./Core/Src/HCSR04.o
 .debug_macro   0x0000000000011710       0x5c ./Core/Src/HCSR04.o
 .debug_macro   0x000000000001176c      0x416 ./Core/Src/HCSR04.o
 .debug_macro   0x0000000000011b82      0x9fe ./Core/Src/HCSR04.o
 .debug_macro   0x0000000000012580      0x115 ./Core/Src/HCSR04.o
 .debug_macro   0x0000000000012695       0xf8 ./Core/Src/HCSR04.o
 .debug_macro   0x000000000001278d       0xa5 ./Core/Src/HCSR04.o
 .debug_macro   0x0000000000012832      0x15f ./Core/Src/HCSR04.o
 .debug_macro   0x0000000000012991      0x287 ./Core/Src/HCSR04.o
 .debug_macro   0x0000000000012c18       0x5f ./Core/Src/HCSR04.o
 .debug_macro   0x0000000000012c77      0x236 ./Core/Src/HCSR04.o
 .debug_macro   0x0000000000012ead      0x132 ./Core/Src/HCSR04.o
 .debug_macro   0x0000000000012fdf      0x264 ./Core/Src/HCSR04.o
 .debug_macro   0x0000000000013243       0x2e ./Core/Src/HCSR04.o
 .debug_macro   0x0000000000013271      0x1b5 ./Core/Src/HCSR04.o
 .debug_macro   0x0000000000013426       0x22 ./Core/Src/HCSR04.o
 .debug_macro   0x0000000000013448       0xd6 ./Core/Src/HCSR04.o
 .debug_macro   0x000000000001351e      0x11a ./Core/Src/HCSR04.o
 .debug_macro   0x0000000000013638       0x85 ./Core/Src/HCSR04.o
 .debug_macro   0x00000000000136bd       0x89 ./Core/Src/HCSR04.o
 .debug_macro   0x0000000000013746      0x8e6 ./Core/Src/HCSR04.o
 .debug_macro   0x000000000001402c       0x47 ./Core/Src/HCSR04.o
 .debug_macro   0x0000000000014073      0x295 ./Core/Src/HCSR04.o
 .debug_macro   0x0000000000014308      0x126 ./Core/Src/HCSR04.o
 .debug_macro   0x000000000001442e       0x1c ./Core/Src/HCSR04.o
 .debug_macro   0x000000000001444a      0x1f6 ./Core/Src/L298N.o
 .debug_macro   0x0000000000014640       0x16 ./Core/Src/L298N.o
 .debug_macro   0x0000000000014656      0x1f7 ./Core/Src/SG90.o
 .debug_macro   0x000000000001484d      0x1f6 ./Core/Src/TCS34725.o
 .debug_macro   0x0000000000014a43      0x238 ./Core/Src/main.o
 .debug_macro   0x0000000000014c7b       0x88 ./Core/Src/main.o
 .debug_macro   0x0000000000014d03       0x3a ./Core/Src/main.o
 .debug_macro   0x0000000000014d3d       0x10 ./Core/Src/main.o
 .debug_macro   0x0000000000014d4d       0x22 ./Core/Src/main.o
 .debug_macro   0x0000000000014d6f      0x1f6 ./Core/Src/stm32f4xx_hal_msp.o
 .debug_macro   0x0000000000014f65      0x200 ./Core/Src/stm32f4xx_it.o
 .debug_macro   0x0000000000015165      0x1e7 ./Core/Src/system_stm32f4xx.o
 .debug_macro   0x000000000001534c      0x247 ./Drivers/STM32F4xx_HAL_Driver/Src/stm32f4xx_hal.o
 .debug_macro   0x0000000000015593      0x1e7 ./Drivers/STM32F4xx_HAL_Driver/Src/stm32f4xx_hal_cortex.o
 .debug_macro   0x000000000001577a      0x1ed ./Drivers/STM32F4xx_HAL_Driver/Src/stm32f4xx_hal_gpio.o
 .debug_macro   0x0000000000015967      0x22e ./Drivers/STM32F4xx_HAL_Driver/Src/stm32f4xx_hal_i2c.o
 .debug_macro   0x0000000000015b95      0x20b ./Drivers/STM32F4xx_HAL_Driver/Src/stm32f4xx_hal_rcc.o
 .debug_macro   0x0000000000015da0      0x1e8 ./Drivers/STM32F4xx_HAL_Driver/Src/stm32f4xx_hal_tim.o
 .debug_macro   0x0000000000015f88      0x1e7 ./Drivers/STM32F4xx_HAL_Driver/Src/stm32f4xx_hal_tim_ex.o
 .debug_macro   0x000000000001616f      0x1e8 ./Drivers/STM32F4xx_HAL_Driver/Src/stm32f4xx_hal_uart.o

.debug_line     0x0000000000000000    0x12c23
 .debug_line    0x0000000000000000      0x809 ./Core/Src/HCSR04.o
 .debug_line    0x0000000000000809      0x82e ./Core/Src/L298N.o
 .debug_line    0x0000000000001037      0x7d7 ./Core/Src/SG90.o
 .debug_line    0x000000000000180e      0x838 ./Core/Src/TCS34725.o
 .debug_line    0x0000000000002046      0xc9b ./Core/Src/main.o
 .debug_line    0x0000000000002ce1      0x97b ./Core/Src/stm32f4xx_hal_msp.o
 .debug_line    0x000000000000365c      0x83a ./Core/Src/stm32f4xx_it.o
 .debug_line    0x0000000000003e96      0x7f9 ./Core/Src/system_stm32f4xx.o
 .debug_line    0x000000000000468f       0x7a ./Core/Startup/startup_stm32f401retx.o
 .debug_line    0x0000000000004709      0xa5f ./Drivers/STM32F4xx_HAL_Driver/Src/stm32f4xx_hal.o
 .debug_line    0x0000000000005168      0xd0e ./Drivers/STM32F4xx_HAL_Driver/Src/stm32f4xx_hal_cortex.o
 .debug_line    0x0000000000005e76      0xb97 ./Drivers/STM32F4xx_HAL_Driver/Src/stm32f4xx_hal_gpio.o
 .debug_line    0x0000000000006a0d     0x3a21 ./Drivers/STM32F4xx_HAL_Driver/Src/stm32f4xx_hal_i2c.o
 .debug_line    0x000000000000a42e      0xdd8 ./Drivers/STM32F4xx_HAL_Driver/Src/stm32f4xx_hal_rcc.o
 .debug_line    0x000000000000b206     0x3525 ./Drivers/STM32F4xx_HAL_Driver/Src/stm32f4xx_hal_tim.o
 .debug_line    0x000000000000e72b     0x19f7 ./Drivers/STM32F4xx_HAL_Driver/Src/stm32f4xx_hal_tim_ex.o
 .debug_line    0x0000000000010122     0x2b01 ./Drivers/STM32F4xx_HAL_Driver/Src/stm32f4xx_hal_uart.o

.debug_str      0x0000000000000000    0x8c119
 .debug_str     0x0000000000000000    0x87ba9 ./Core/Src/HCSR04.o
                                      0x87ede (size before relaxing)
 .debug_str     0x0000000000087ba9      0x145 ./Core/Src/L298N.o
                                      0x87f22 (size before relaxing)
 .debug_str     0x0000000000087cee       0x7a ./Core/Src/SG90.o
                                      0x87e02 (size before relaxing)
 .debug_str     0x0000000000087d68      0x460 ./Core/Src/TCS34725.o
                                      0x87f3a (size before relaxing)
 .debug_str     0x00000000000881c8      0xa8f ./Core/Src/main.o
                                      0x88f75 (size before relaxing)
 .debug_str     0x0000000000088c57      0x118 ./Core/Src/stm32f4xx_hal_msp.o
                                      0x885ff (size before relaxing)
 .debug_str     0x0000000000088d6f       0xc9 ./Core/Src/stm32f4xx_it.o
                                      0x87a6b (size before relaxing)
 .debug_str     0x0000000000088e38       0xdb ./Core/Src/system_stm32f4xx.o
                                      0x879e3 (size before relaxing)
 .debug_str     0x0000000000088f13       0x34 ./Core/Startup/startup_stm32f401retx.o
                                         0x94 (size before relaxing)
 .debug_str     0x0000000000088f47      0x985 ./Drivers/STM32F4xx_HAL_Driver/Src/stm32f4xx_hal.o
                                      0x88405 (size before relaxing)
 .debug_str     0x00000000000898cc      0x354 ./Drivers/STM32F4xx_HAL_Driver/Src/stm32f4xx_hal_cortex.o
                                      0x88126 (size before relaxing)
 .debug_str     0x0000000000089c20      0x110 ./Drivers/STM32F4xx_HAL_Driver/Src/stm32f4xx_hal_gpio.o
                                      0x87b5e (size before relaxing)
 .debug_str     0x0000000000089d30      0xad5 ./Drivers/STM32F4xx_HAL_Driver/Src/stm32f4xx_hal_i2c.o
                                      0x889a1 (size before relaxing)
 .debug_str     0x000000000008a805      0x213 ./Drivers/STM32F4xx_HAL_Driver/Src/stm32f4xx_hal_rcc.o
                                      0x87e17 (size before relaxing)
 .debug_str     0x000000000008aa18      0xc72 ./Drivers/STM32F4xx_HAL_Driver/Src/stm32f4xx_hal_tim.o
                                      0x88d4b (size before relaxing)
 .debug_str     0x000000000008b68a      0x493 ./Drivers/STM32F4xx_HAL_Driver/Src/stm32f4xx_hal_tim_ex.o
                                      0x88567 (size before relaxing)
 .debug_str     0x000000000008bb1d      0x5fc ./Drivers/STM32F4xx_HAL_Driver/Src/stm32f4xx_hal_uart.o
                                      0x883a4 (size before relaxing)

.debug_frame    0x0000000000000000     0x42b0
 .debug_frame   0x0000000000000000       0x5c ./Core/Src/HCSR04.o
 .debug_frame   0x000000000000005c      0x120 ./Core/Src/L298N.o
 .debug_frame   0x000000000000017c       0x7c ./Core/Src/SG90.o
 .debug_frame   0x00000000000001f8       0xa8 ./Core/Src/TCS34725.o
 .debug_frame   0x00000000000002a0      0x1b8 ./Core/Src/main.o
 .debug_frame   0x0000000000000458      0x180 ./Core/Src/stm32f4xx_hal_msp.o
 .debug_frame   0x00000000000005d8      0x104 ./Core/Src/stm32f4xx_it.o
 .debug_frame   0x00000000000006dc       0x58 ./Core/Src/system_stm32f4xx.o
 .debug_frame   0x0000000000000734      0x374 ./Drivers/STM32F4xx_HAL_Driver/Src/stm32f4xx_hal.o
 .debug_frame   0x0000000000000aa8      0x498 ./Drivers/STM32F4xx_HAL_Driver/Src/stm32f4xx_hal_cortex.o
 .debug_frame   0x0000000000000f40      0x14c ./Drivers/STM32F4xx_HAL_Driver/Src/stm32f4xx_hal_gpio.o
 .debug_frame   0x000000000000108c      0xc5c ./Drivers/STM32F4xx_HAL_Driver/Src/stm32f4xx_hal_i2c.o
 .debug_frame   0x0000000000001ce8      0x1f4 ./Drivers/STM32F4xx_HAL_Driver/Src/stm32f4xx_hal_rcc.o
 .debug_frame   0x0000000000001edc     0x11bc ./Drivers/STM32F4xx_HAL_Driver/Src/stm32f4xx_hal_tim.o
 .debug_frame   0x0000000000003098      0x638 ./Drivers/STM32F4xx_HAL_Driver/Src/stm32f4xx_hal_tim_ex.o
 .debug_frame   0x00000000000036d0      0x92c ./Drivers/STM32F4xx_HAL_Driver/Src/stm32f4xx_hal_uart.o
 .debug_frame   0x0000000000003ffc       0x20 C:/ST/STM32CubeIDE_1.13.2/STM32CubeIDE/plugins/com.st.stm32cube.ide.mcu.externaltools.gnu-tools-for-stm32.11.3.rel1.win32_1.1.1.202309131626/tools/bin/../lib/gcc/arm-none-eabi/11.3.1/../../../../arm-none-eabi/lib/thumb/v7e-m+fp/hard\libc_nano.a(libc_a-memset.o)
 .debug_frame   0x000000000000401c       0x2c C:/ST/STM32CubeIDE_1.13.2/STM32CubeIDE/plugins/com.st.stm32cube.ide.mcu.externaltools.gnu-tools-for-stm32.11.3.rel1.win32_1.1.1.202309131626/tools/bin/../lib/gcc/arm-none-eabi/11.3.1/../../../../arm-none-eabi/lib/thumb/v7e-m+fp/hard\libc_nano.a(libc_a-init.o)
 .debug_frame   0x0000000000004048       0xac C:/ST/STM32CubeIDE_1.13.2/STM32CubeIDE/plugins/com.st.stm32cube.ide.mcu.externaltools.gnu-tools-for-stm32.11.3.rel1.win32_1.1.1.202309131626/tools/bin/../lib/gcc/arm-none-eabi/11.3.1/thumb/v7e-m+fp/hard\libgcc.a(_arm_addsubdf3.o)
 .debug_frame   0x00000000000040f4       0x50 C:/ST/STM32CubeIDE_1.13.2/STM32CubeIDE/plugins/com.st.stm32cube.ide.mcu.externaltools.gnu-tools-for-stm32.11.3.rel1.win32_1.1.1.202309131626/tools/bin/../lib/gcc/arm-none-eabi/11.3.1/thumb/v7e-m+fp/hard\libgcc.a(_arm_muldivdf3.o)
 .debug_frame   0x0000000000004144       0xc4 C:/ST/STM32CubeIDE_1.13.2/STM32CubeIDE/plugins/com.st.stm32cube.ide.mcu.externaltools.gnu-tools-for-stm32.11.3.rel1.win32_1.1.1.202309131626/tools/bin/../lib/gcc/arm-none-eabi/11.3.1/thumb/v7e-m+fp/hard\libgcc.a(_arm_cmpdf2.o)
 .debug_frame   0x0000000000004208       0x24 C:/ST/STM32CubeIDE_1.13.2/STM32CubeIDE/plugins/com.st.stm32cube.ide.mcu.externaltools.gnu-tools-for-stm32.11.3.rel1.win32_1.1.1.202309131626/tools/bin/../lib/gcc/arm-none-eabi/11.3.1/thumb/v7e-m+fp/hard\libgcc.a(_arm_fixunsdfsi.o)
 .debug_frame   0x000000000000422c       0x24 C:/ST/STM32CubeIDE_1.13.2/STM32CubeIDE/plugins/com.st.stm32cube.ide.mcu.externaltools.gnu-tools-for-stm32.11.3.rel1.win32_1.1.1.202309131626/tools/bin/../lib/gcc/arm-none-eabi/11.3.1/thumb/v7e-m+fp/hard\libgcc.a(_arm_truncdfsf2.o)
 .debug_frame   0x0000000000004250       0x2c C:/ST/STM32CubeIDE_1.13.2/STM32CubeIDE/plugins/com.st.stm32cube.ide.mcu.externaltools.gnu-tools-for-stm32.11.3.rel1.win32_1.1.1.202309131626/tools/bin/../lib/gcc/arm-none-eabi/11.3.1/thumb/v7e-m+fp/hard\libgcc.a(_aeabi_uldivmod.o)
 .debug_frame   0x000000000000427c       0x34 C:/ST/STM32CubeIDE_1.13.2/STM32CubeIDE/plugins/com.st.stm32cube.ide.mcu.externaltools.gnu-tools-for-stm32.11.3.rel1.win32_1.1.1.202309131626/tools/bin/../lib/gcc/arm-none-eabi/11.3.1/thumb/v7e-m+fp/hard\libgcc.a(_udivmoddi4.o)

.debug_line_str
                0x0000000000000000       0x88
 .debug_line_str
                0x0000000000000000       0x88 ./Core/Startup/startup_stm32f401retx.o
                                         0xa0 (size before relaxing)
