../Core/Src/main.c:112:7:getError	16	static
../Core/Src/main.c:127:6:PID_Controller	32	static
../Core/Src/main.c:185:5:main	24	static
../Core/Src/main.c:502:6:SystemClock_Config	88	static
../Core/Src/main.c:549:13:MX_I2C1_Init	8	static
../Core/Src/main.c:583:13:MX_I2C3_Init	8	static
../Core/Src/main.c:617:13:MX_TIM1_Init	56	static
../Core/Src/main.c:677:13:MX_TIM2_Init	48	static
../Core/Src/main.c:730:13:MX_TIM3_Init	48	static
../Core/Src/main.c:779:13:MX_TIM4_Init	32	static
../Core/Src/main.c:824:13:MX_USART2_UART_Init	8	static
../Core/Src/main.c:857:13:MX_GPIO_Init	48	static
../Core/Src/main.c:932:6:Error_Handler	4	static,ignoring_inline_asm
