../Core/Src/main.c:111:7:getError	16	static
../Core/Src/main.c:127:6:PID_Controller	32	static
../Core/Src/main.c:194:5:main	8	static
../Core/Src/main.c:367:6:SystemClock_Config	88	static
../Core/Src/main.c:414:13:MX_I2C1_Init	8	static
../Core/Src/main.c:448:13:MX_I2C3_Init	8	static
../Core/Src/main.c:482:13:MX_TIM1_Init	56	static
../Core/Src/main.c:542:13:MX_TIM2_Init	48	static
../Core/Src/main.c:595:13:MX_TIM3_Init	48	static
../Core/Src/main.c:644:13:MX_TIM4_Init	32	static
../Core/Src/main.c:689:13:MX_USART2_UART_Init	8	static
../Core/Src/main.c:722:13:MX_GPIO_Init	48	static
../Core/Src/main.c:797:6:Error_Handler	4	static,ignoring_inline_asm
